#max_provinces = 1466
definitions = "definition.csv"
provinces = "provinces.png"
#positions = "positions.txt"
rivers = "rivers.png"
#terrain_definition = "terrain.txt"
topology = "heightmap.heightmap"
#tree_definition = "trees.bmp"
continent = "continent.txt"
adjacencies = "adjacencies.csv"
#climate = "climate.txt"
island_region = "island_region.txt"
seasons = "seasons.txt"

#############
# SEA ZONES
#############

#Generic
sea_zones = LIST {  }

#Iliac Bay
sea_zones = RANGE { 312 322 }
sea_zones = RANGE { 369 369 }

#Hammerfell Coast
sea_zones = LIST { 323 523 525 527 528 530 531 532 538 539 }
sea_zones = RANGE { 534 536 }
sea_zones = RANGE { 541 556 }
sea_zones = RANGE { 575 580 }
sea_zones = RANGE { 774 784 }
sea_zones = LIST { 794 }

#Yokuda Coast
sea_zones = RANGE { 1952 1974 }
sea_zones = RANGE { 2564 2573 }
sea_zones = LIST { 2575 2580 }
sea_zones = LIST { 2582 2584 2585 2587 2591 2592 2594 2598 2600 }
sea_zones = RANGE { 2602 2604 }
sea_zones = RANGE { 2607 2634 }
sea_zones = LIST { 336 340 341 345 347 353 368 524 526 529 537 540 }
sea_zones = RANGE { 349 351 }
sea_zones = LIST { 5344 }

#High Rock Coast
sea_zones = RANGE { 326 335 }
sea_zones = RANGE { 337 340 }
sea_zones = LIST { 324 342 343 344 346 348 352 354 355 533 }
sea_zones = RANGE { 357 365 }
sea_zones = LIST { 370 }
sea_zones = LIST { 795 }
sea_zones = RANGE { 1593 1659 }

#Skyrim Coast
sea_zones = RANGE { 366 367 }
sea_zones = LIST { 4232 }
#Cyrodiil Coast
sea_zones = RANGE { 1936 1951 }
sea_zones = LIST { 1975 }
#some sea zones are in another sea zone range, as i reused deleted province ids - Theyn

#Rumare + Niben
sea_zones = LIST { 2576 2577 2578 2579 2581 2583 2588 2589 2590 2593 }

#Summerset Coast
#most of them are in other sea zone ranges, as i reused deleted province ids -Theyn

#Elsweyr Coast
sea_zones = RANGE { 5214 5225 }

#Valenwood Coast
#idk, included somewhere -Theyn

#Black Marsh Coast
sea_zones = RANGE { 5226 5232 }
sea_zones = RANGE { 5253 5274 }
sea_zones = LIST { 5287 }

#Morrowind Coast
sea_zones = RANGE { 5277 5284 }
sea_zones = RANGE { 5288 5296 }
sea_zones = RANGE { 5298 5342 }

###############
# MAJOR RIVERS
###############

#Bjoulsae River
river_provinces = RANGE { 371 373 }

#Alcaire River
river_provinces = LIST { 3919 }

#Oran River
river_provinces = LIST { 785 }

#Duafut River
river_provinces = LIST { 786 }

#Tark River
river_provinces = LIST { 787 2642 }

#Rihad River
river_provinces = LIST { 788 2643 }

#Brena River
river_provinces = RANGE { 789 792 }

#Corbolo + Reed River
river_provinces = LIST { 2638 2639 }
lakes = LIST { 2635 2636 2637 }

#Darkmyr Swamp/Marsh/River in Hjaalmmarch
river_provinces = LIST { 1542 }

#Fell River (Fells Run, Rivenspire)
river_provinces = LIST { 2702 }

#Karth River (northern parts navigable, waterfalls block some as 'lakes')
river_provinces = LIST { 3944 }
lakes = LIST { 3943 }

#Chill River (northern parts navigable, waterfalls block some as 'lakes')
river_provinces = LIST { 3945 }
lakes = LIST { 3946 }

#Hjaal River (northern parts navigable, waterfalls block some as 'lakes')
river_provinces = LIST { 3947 3949 }
lakes = LIST { 3948 }

#White River (northern parts navigable, waterfalls block some as 'lakes')
lakes = LIST { 3954 3955 4230 }

#Darkwater River (Rift -> Eastmarch)
lakes = LIST { 4229 }

#The Rift (Lake Geir, Treva River, Lake Honrich)
lakes = LIST { 4226 4227 4228 }

#Lake + River Yorgrim
lakes = LIST { 4234 4235 }

#Cyrodiil Rivers
#Strid is listed in Valenwood
#White Rose River (Rumare)
river_provinces = LIST { 5248 5249 }

#Larsius River (Bravil)
river_provinces = LIST { 2605 }

#Bawn River (Irony)
river_provinces = LIST { 2606 }

#Silverfish River (Eastern Nibenay)
river_provinces = LIST { 5239 }
lakes = LIST { 5240 }

#Panther River (Eastern Nibenay)
river_provinces = LIST { 5241 5242 5243 5244 5245 }

#Morrowind
#Thir River
river_provinces = LIST { 5362 5363 5364 5365 }

#Almara River
river_provinces = LIST { 5285 5286 }

#Yenisi River (taken from TR)
river_provinces = LIST { 5366 5367 5368 }

#Sirada River (taken from TR)
river_provinces = LIST { 5370 5371 }

#Abammu River
river_provinces = LIST { 5372 }

#Molag Cove (separated by the sea due to a very narrow channel)
river_provinces = LIST { 5374 }

#Masobi and Hairan River (Vvardenfell, Vivec)
river_provinces = LIST { 5380 5381 5382 }

#Odai River (Balmora)
lakes = LIST { 5383 }

#Samsi River (Gnisis)
river_provinces = LIST { 5384 }

#Thornmarsh Rivers
river_provinces = LIST { 5390 5391 }

#Black Marsh Rivers
#Onkobra River
river_provinces = RANGE { 5398 5401 }

#Boa River
river_provinces = RANGE { 5402 5407 }

#Thlaxit River (and Lake)
river_provinces = RANGE { 5408 5410 }

#Dead-Water River
river_provinces = RANGE { 5411 5412 }

#Keel-Sakka River
river_provinces = LIST { 5413 }

#Tohleetht River
river_provinces = LIST { 5418 }

#Bogwraith River
river_provinces = LIST { 5419 }

#Elsweyr Rivers
#Altan River
lakes = LIST { 5435 }

#Larsius River
lakes = LIST { 5436 }

#Eshtia River
river_provinces = LIST { 5439 }

#Xylo River
river_provinces = LIST { 5440 }

#Valenwood Rivers
#River Strid
river_provinces = LIST { 5444 5445 }
lakes = LIST { 5449 }

#Crescent Moon River
river_provinces = LIST { 5446 }

#Ouze River
river_provinces = LIST { 5447 }

#Elden River
river_provinces = LIST { 5448 }

#Summerset Rivers
#i'm lazy - Theyn
river_provinces = LIST { 5463 5464 5465 5466 5470 }

########
# LAKES
########
lakes = LIST { 49 125 888 919 990 1054 1764 2640 3915 3916 3917 3918 3950 3951 3952 3953 }

#Mara's Eye Pond
lakes = LIST { 4231 }

#Helstrom Marshes
lakes = LIST { 4887 }

#Cyrodiil Lakes
lakes = LIST { 2595 2596 2597 2599 2601 5246 5247 5250 5251 5252 }

#Morrowind Lakes
lakes = LIST { 5360 5361 5369 5373 5375 5376 5377 5379 5385 5386 5387 5388 5389 }

#Black Marsh Lakes
lakes = LIST { 5414 5415 5416 5417 }

#Elsweyr Lakes
lakes = LIST { 5432 5433 5434 5437 5438 }

#Valenwood Lakes
lakes = LIST { 5441 5442 5443 }

#Summerset Lakes
lakes = LIST { 5459 5460 5461 5462 5467 5468 5469 5471 5472 }

#####################
# IMPASSABLE TERRAIN
#####################
# Can be colored by whoever owns the most of the province's neighbours.
# Blocks unit movement.
impassable_mountains = LIST { 4747 }
# High Rock + Hammerfell Wastelands
impassable_mountains = LIST { 885 887 }
impassable_mountains = RANGE { 889 891 }
impassable_mountains = RANGE { 893 918 }
impassable_mountains = RANGE { 920 937 }
impassable_mountains = RANGE { 939 958 }
impassable_mountains = LIST { 4682 5496 5497 5498 5499 }
# Skyrim Wastelands
impassable_mountains = RANGE { 1511 1522 }
impassable_mountains = RANGE { 1524 1532 }
impassable_mountains = RANGE { 1534 1541 }
impassable_mountains = RANGE { 1543 1554 }
impassable_mountains = RANGE { 1557 1591 }
impassable_mountains = RANGE { 1702 1707 }
# Cyrodiil Wastelands
impassable_mountains = RANGE { 2539 2563 }
# Summerset Wasteland
impassable_mountains = RANGE { 3424 3438 }
impassable_mountains = LIST { 4760 4777 4778 4643 4673 4674 5456 }
impassable_mountains = RANGE { 5357 5359 }
# Valenwood Wasteland
impassable_mountains = RANGE { 3488 3513 }
impassable_mountains = LIST { 892 2586 3515 }
# Elsweyr Wasteland
impassable_mountains = RANGE { 3872 3894 }
# Morrowind Wasteland
impassable_mountains = RANGE { 4644 4656 }
impassable_mountains = RANGE { 4658 4672 }
impassable_mountains = RANGE { 4675 4681 }
impassable_mountains = LIST { 4889 4891 4892 }
impassable_mountains = LIST { 5527 5537 5378 }
# Black Marsh Wasteland
impassable_mountains = LIST { 4937 938 1523 1533 1555 1556 }
impassable_mountains = RANGE { 5190 5198 }

############
# WASTELAND
############
# These are actually supposed to be Wasteland:
# Cannot be colored. Blocks unit movement, used for things like Sahara desert. 
# impassable_mountains = LIST { }

# IMPASSABLE SEA ZONES
# These sea provinces cannot be crossed/sailed
impassable_seas = LIST { 48 356 2574 5275 5276 5297 5343 148 149 }

# UNUSED PROVINCES
# These provinces cause issues because they are passable land, but not part of any title.
# They are probably not visible anywhere on the map, so feel free to reuse them (after double checking that they are actually missing).
# impassable_mountains = LIST { }

#Skuldafn
impassable_mountains = LIST { 1096 }
impassable_mountains = LIST { 2100 }
